{
  "links": [],
  "content": [
    {
      "nameEnglish": "From the New World",
      "nameRomanized": "Shinsekai yori",
      "startAir": "2012-09-29",
      "endAir": "2013-03-23",
      "synopsis": "From the New World synopsis here",
      "backdropUrl": "http://backdrop.url.be/from.the.new.world",
      "posterUrl": "http://poster.url.be/from.the.new.world",
      "type": "anime",
      "links": [
        {
          "rel": "self",
          "href": "http://localhost/anime/4"
        },
        {
          "rel": "prequal",
          "href": "http://localhost/anime/4/prequal"
        },
        {
          "rel": "sequal",
          "href": "http://localhost/anime/4/sequal"
        },
        {
          "rel": "episodes",
          "href": "http://localhost/anime/4/episodes"
        },
        {
          "rel": "personages",
          "href": "http://localhost/anime/4/personages"
        }
      ]
    }
  ],
  "page": {
    "size": 1,
    "totalElements": 1,
    "totalPages": 1,
    "number": 0
  }
}