{
  "status": "Not Found",
  "code": 404,
  "message": "Resource not found"
}