{
  "username": "john.doe",
  "biography": "John Doe's Biography",
  "links": []
}